Determining if the include file gattlib.h exists failed with the following output:
Change Dir: /home/ppn/git_repositories/pika_ros/src/pika_locator/libsurvive/bin/CMakeFiles/CMakeTmp

Run Build Command(s):/usr/bin/gmake -f Makefile cmTC_15652/fast && gmake[1]: 进入目录“/home/ppn/git_repositories/pika_ros/src/pika_locator/libsurvive/bin/CMakeFiles/CMakeTmp”
/usr/bin/gmake  -f CMakeFiles/cmTC_15652.dir/build.make CMakeFiles/cmTC_15652.dir/build
gmake[2]: 进入目录“/home/ppn/git_repositories/pika_ros/src/pika_locator/libsurvive/bin/CMakeFiles/CMakeTmp”
Building C object CMakeFiles/cmTC_15652.dir/CheckIncludeFile.c.o
/usr/bin/cc    -o CMakeFiles/cmTC_15652.dir/CheckIncludeFile.c.o -c /home/ppn/git_repositories/pika_ros/src/pika_locator/libsurvive/bin/CMakeFiles/CMakeTmp/CheckIncludeFile.c
/home/ppn/git_repositories/pika_ros/src/pika_locator/libsurvive/bin/CMakeFiles/CMakeTmp/CheckIncludeFile.c:1:10: fatal error: gattlib.h: 没有那个文件或目录
    1 | #include <gattlib.h>
      |          ^~~~~~~~~~~
compilation terminated.
gmake[2]: *** [CMakeFiles/cmTC_15652.dir/build.make:78：CMakeFiles/cmTC_15652.dir/CheckIncludeFile.c.o] 错误 1
gmake[2]: 离开目录“/home/ppn/git_repositories/pika_ros/src/pika_locator/libsurvive/bin/CMakeFiles/CMakeTmp”
gmake[1]: *** [Makefile:127：cmTC_15652/fast] 错误 2
gmake[1]: 离开目录“/home/ppn/git_repositories/pika_ros/src/pika_locator/libsurvive/bin/CMakeFiles/CMakeTmp”



Determining if the include file lapacke/lapacke.h exists failed with the following output:
Change Dir: /home/ppn/git_repositories/pika_ros/src/pika_locator/libsurvive/bin/CMakeFiles/CMakeTmp

Run Build Command(s):/usr/bin/gmake -f Makefile cmTC_3f156/fast && gmake[1]: 进入目录“/home/ppn/git_repositories/pika_ros/src/pika_locator/libsurvive/bin/CMakeFiles/CMakeTmp”
/usr/bin/gmake  -f CMakeFiles/cmTC_3f156.dir/build.make CMakeFiles/cmTC_3f156.dir/build
gmake[2]: 进入目录“/home/ppn/git_repositories/pika_ros/src/pika_locator/libsurvive/bin/CMakeFiles/CMakeTmp”
Building C object CMakeFiles/cmTC_3f156.dir/CheckIncludeFile.c.o
/usr/bin/cc   -fPIC -Wall -Wno-unused-variable -Wno-switch -Wno-parentheses -Wno-missing-braces -Werror=return-type -fvisibility=hidden -Werror=vla -fno-math-errno -Werror=pointer-arith -std=gnu99 -Werror=incompatible-pointer-types -Werror=implicit-function-declaration -Werror=missing-field-initializers  -fPIC -Wall -Wno-unused-variable -Wno-switch -Wno-parentheses -Wno-missing-braces -Werror=return-type -fvisibility=hidden -Werror=vla -fno-math-errno -Werror=pointer-arith -std=gnu99 -Werror=incompatible-pointer-types -Werror=implicit-function-declaration -Werror=missing-field-initializers  -fPIC -Wall -Wno-unused-variable -Wno-switch -Wno-parentheses -Wno-missing-braces -Werror=return-type -fvisibility=hidden -Werror=vla -fno-math-errno -Werror=missing-field-initializers -Werror=pointer-arith -std=gnu99 -Werror=incompatible-pointer-types -Werror=implicit-function-declaration   -o CMakeFiles/cmTC_3f156.dir/CheckIncludeFile.c.o -c /home/ppn/git_repositories/pika_ros/src/pika_locator/libsurvive/bin/CMakeFiles/CMakeTmp/CheckIncludeFile.c
/home/ppn/git_repositories/pika_ros/src/pika_locator/libsurvive/bin/CMakeFiles/CMakeTmp/CheckIncludeFile.c:1:10: fatal error: lapacke/lapacke.h: 没有那个文件或目录
    1 | #include <lapacke/lapacke.h>
      |          ^~~~~~~~~~~~~~~~~~~
compilation terminated.
gmake[2]: *** [CMakeFiles/cmTC_3f156.dir/build.make:78：CMakeFiles/cmTC_3f156.dir/CheckIncludeFile.c.o] 错误 1
gmake[2]: 离开目录“/home/ppn/git_repositories/pika_ros/src/pika_locator/libsurvive/bin/CMakeFiles/CMakeTmp”
gmake[1]: *** [Makefile:127：cmTC_3f156/fast] 错误 2
gmake[1]: 离开目录“/home/ppn/git_repositories/pika_ros/src/pika_locator/libsurvive/bin/CMakeFiles/CMakeTmp”



Determining if the include file libusb.h exists failed with the following output:
Change Dir: /home/ppn/git_repositories/pika_ros/src/pika_locator/libsurvive/bin/CMakeFiles/CMakeTmp

Run Build Command(s):/usr/bin/gmake -f Makefile cmTC_2474e/fast && gmake[1]: 进入目录“/home/ppn/git_repositories/pika_ros/src/pika_locator/libsurvive/bin/CMakeFiles/CMakeTmp”
/usr/bin/gmake  -f CMakeFiles/cmTC_2474e.dir/build.make CMakeFiles/cmTC_2474e.dir/build
gmake[2]: 进入目录“/home/ppn/git_repositories/pika_ros/src/pika_locator/libsurvive/bin/CMakeFiles/CMakeTmp”
Building C object CMakeFiles/cmTC_2474e.dir/CheckIncludeFile.c.o
/usr/bin/cc -D_GNU_SOURCE  -fPIC -Wall -Wno-unused-variable -Wno-switch -Wno-parentheses -Wno-missing-braces -Werror=return-type -fvisibility=hidden -Werror=vla -fno-math-errno -Werror=pointer-arith -std=gnu99 -Werror=incompatible-pointer-types -Werror=implicit-function-declaration -Werror=missing-field-initializers   -o CMakeFiles/cmTC_2474e.dir/CheckIncludeFile.c.o -c /home/ppn/git_repositories/pika_ros/src/pika_locator/libsurvive/bin/CMakeFiles/CMakeTmp/CheckIncludeFile.c
/home/ppn/git_repositories/pika_ros/src/pika_locator/libsurvive/bin/CMakeFiles/CMakeTmp/CheckIncludeFile.c:1:10: fatal error: libusb.h: 没有那个文件或目录
    1 | #include <libusb.h>
      |          ^~~~~~~~~~
compilation terminated.
gmake[2]: *** [CMakeFiles/cmTC_2474e.dir/build.make:78：CMakeFiles/cmTC_2474e.dir/CheckIncludeFile.c.o] 错误 1
gmake[2]: 离开目录“/home/ppn/git_repositories/pika_ros/src/pika_locator/libsurvive/bin/CMakeFiles/CMakeTmp”
gmake[1]: *** [Makefile:127：cmTC_2474e/fast] 错误 2
gmake[1]: 离开目录“/home/ppn/git_repositories/pika_ros/src/pika_locator/libsurvive/bin/CMakeFiles/CMakeTmp”



Determining if the include file libusb/libusb.h exists failed with the following output:
Change Dir: /home/ppn/git_repositories/pika_ros/src/pika_locator/libsurvive/bin/CMakeFiles/CMakeTmp

Run Build Command(s):/usr/bin/gmake -f Makefile cmTC_f7b3d/fast && gmake[1]: 进入目录“/home/ppn/git_repositories/pika_ros/src/pika_locator/libsurvive/bin/CMakeFiles/CMakeTmp”
/usr/bin/gmake  -f CMakeFiles/cmTC_f7b3d.dir/build.make CMakeFiles/cmTC_f7b3d.dir/build
gmake[2]: 进入目录“/home/ppn/git_repositories/pika_ros/src/pika_locator/libsurvive/bin/CMakeFiles/CMakeTmp”
Building C object CMakeFiles/cmTC_f7b3d.dir/CheckIncludeFile.c.o
/usr/bin/cc -D_GNU_SOURCE  -fPIC -Wall -Wno-unused-variable -Wno-switch -Wno-parentheses -Wno-missing-braces -Werror=return-type -fvisibility=hidden -Werror=vla -fno-math-errno -Werror=pointer-arith -std=gnu99 -Werror=incompatible-pointer-types -Werror=implicit-function-declaration -Werror=missing-field-initializers   -o CMakeFiles/cmTC_f7b3d.dir/CheckIncludeFile.c.o -c /home/ppn/git_repositories/pika_ros/src/pika_locator/libsurvive/bin/CMakeFiles/CMakeTmp/CheckIncludeFile.c
/home/ppn/git_repositories/pika_ros/src/pika_locator/libsurvive/bin/CMakeFiles/CMakeTmp/CheckIncludeFile.c:1:10: fatal error: libusb/libusb.h: 没有那个文件或目录
    1 | #include <libusb/libusb.h>
      |          ^~~~~~~~~~~~~~~~~
compilation terminated.
gmake[2]: *** [CMakeFiles/cmTC_f7b3d.dir/build.make:78：CMakeFiles/cmTC_f7b3d.dir/CheckIncludeFile.c.o] 错误 1
gmake[2]: 离开目录“/home/ppn/git_repositories/pika_ros/src/pika_locator/libsurvive/bin/CMakeFiles/CMakeTmp”
gmake[1]: *** [Makefile:127：cmTC_f7b3d/fast] 错误 2
gmake[1]: 离开目录“/home/ppn/git_repositories/pika_ros/src/pika_locator/libsurvive/bin/CMakeFiles/CMakeTmp”



